Testing connection to: mongodb+srv://sadhiks300_db_user:FWwWTlh5BF0FsHTJ@cluster0.neqd8ei.mongodb.net/ai-scholar?retryWrites=true&w=majority&appName=Cluster0
node : FAILED to connect. 
Error: querySrv 
ECONNREFUSED _mongodb._tcp
.cluster0.neqd8ei.mongodb.
net
At line:1 char:1
+ node testdb.js > 
test_output.txt 2>&1
+ ~~~~~~~~~~~~~~~~~~~~~~~~
~~~~~~~~~~~~~
    + CategoryInfo        
      : NotSpecified: (F  
  AILED to conne...8ei.   
 mongodb.net:String) [    
], RemoteException
    + FullyQualifiedError 
   Id : NativeCommandErr  
  or
 
